novoforce@ideapad:/media/novoforce/Techy/project$ touch index1.html
novoforce@ideapad:/media/novoforce/Techy/project$ toouch app1.js
bash: toouch: command not found
novoforce@ideapad:/media/novoforce/Techy/project$ touch app1.js
novoforce@ideapad:/media/novoforce/Techy/project$ clear

novoforce@ideapad:/media/novoforce/Techy/project$ cd New\ Folder/
novoforce@ideapad:/media/novoforce/Techy/project/New Folder$ ls
app1.js  index1.html
novoforce@ideapad:/media/novoforce/Techy/project/New Folder$ git init
Initialized empty Git repository in /media/novoforce/Techy/project/New Folder/.git/
novoforce@ideapad:/media/novoforce/Techy/project/New Folder$ git config --global user.name 'ashishrose'
novoforce@ideapad:/media/novoforce/Techy/project/New Folder$ git config --global user.email 'ashish.space5@gmail.com'
novoforce@ideapad:/media/novoforce/Techy/project/New Folder$ git add index.html
fatal: pathspec 'index.html' did not match any files
novoforce@ideapad:/media/novoforce/Techy/project/New Folder$ git add index1.html
novoforce@ideapad:/media/novoforce/Techy/project/New Folder$ git status
On branch master

Initial commit

Changes to be committed:
  (use "git rm --cached <file>..." to unstage)

	new file:   index1.html

Untracked files:
  (use "git add <file>..." to include in what will be committed)

	app1.js

novoforce@ideapad:/media/novoforce/Techy/project/New Folder$ git rm --cached index1.html
rm 'index1.html'
novoforce@ideapad:/media/novoforce/Techy/project/New Folder$ git status
On branch master

Initial commit

Untracked files:
  (use "git add <file>..." to include in what will be committed)

	app1.js
	index1.html

nothing added to commit but untracked files present (use "git add" to track)
novoforce@ideapad:/media/novoforce/Techy/project/New Folder$ git add *.html
novoforce@ideapad:/media/novoforce/Techy/project/New Folder$ git status
On branch master

Initial commit

Changes to be committed:
  (use "git rm --cached <file>..." to unstage)

	new file:   index1.html

Untracked files:
  (use "git add <file>..." to include in what will be committed)

	app1.js

novoforce@ideapad:/media/novoforce/Techy/project/New Folder$ git rm --cached index1.html 
rm 'index1.html'
novoforce@ideapad:/media/novoforce/Techy/project/New Folder$ git status
On branch master

Initial commit

Untracked files:
  (use "git add <file>..." to include in what will be committed)

	app1.js
	index1.html

nothing added to commit but untracked files present (use "git add" to track)
novoforce@ideapad:/media/novoforce/Techy/project/New Folder$ git add .
novoforce@ideapad:/media/novoforce/Techy/project/New Folder$ git status
On branch master

Initial commit

Changes to be committed:
  (use "git rm --cached <file>..." to unstage)

	new file:   app1.js
	new file:   index1.html

novoforce@ideapad:/media/novoforce/Techy/project/New Folder$ git status
On branch master

Initial commit

Changes to be committed:
  (use "git rm --cached <file>..." to unstage)

	new file:   app1.js
	new file:   index1.html

Changes not staged for commit:
  (use "git add <file>..." to update what will be committed)
  (use "git checkout -- <file>..." to discard changes in working directory)

	modified:   app1.js

novoforce@ideapad:/media/novoforce/Techy/project/New Folder$ git add .
novoforce@ideapad:/media/novoforce/Techy/project/New Folder$ git commit
[master (root-commit) 5ec372f] initial commit of the code by ashishrose
 2 files changed, 9 insertions(+)
 create mode 100644 app1.js
 create mode 100644 index1.html
novoforce@ideapad:/media/novoforce/Techy/project/New Folder$ git status
On branch master
nothing to commit, working tree clean
novoforce@ideapad:/media/novoforce/Techy/project/New Folder$ git status
On branch master
Changes not staged for commit:
  (use "git add <file>..." to update what will be committed)
  (use "git checkout -- <file>..." to discard changes in working directory)

	modified:   app1.js

no changes added to commit (use "git add" and/or "git commit -a")
novoforce@ideapad:/media/novoforce/Techy/project/New Folder$ git add app1.js
novoforce@ideapad:/media/novoforce/Techy/project/New Folder$ git status
On branch master
Changes to be committed:
  (use "git reset HEAD <file>..." to unstage)

	modified:   app1.js

novoforce@ideapad:/media/novoforce/Techy/project/New Folder$ git commit -m "this is the second commit"
[master 408efb8] this is the second commit
 1 file changed, 1 insertion(+), 1 deletion(-)
novoforce@ideapad:/media/novoforce/Techy/project/New Folder$ git status
On branch master
nothing to commit, working tree clean
novoforce@ideapad:/media/novoforce/Techy/project/New Folder$ ls
app1.js  index1.html
novoforce@ideapad:/media/novoforce/Techy/project/New Folder$ touch .gitignore
novoforce@ideapad:/media/novoforce/Techy/project/New Folder$ ls
app1.js  index1.html
novoforce@ideapad:/media/novoforce/Techy/project/New Folder$ touch log.txt
novoforce@ideapad:/media/novoforce/Techy/project/New Folder$ ls
app1.js  index1.html  log.txt
novoforce@ideapad:/media/novoforce/Techy/project/New Folder$ touch .gitignore
novoforce@ideapad:/media/novoforce/Techy/project/New Folder$ git add .
novoforce@ideapad:/media/novoforce/Techy/project/New Folder$ git status
On branch master
Changes to be committed:
  (use "git reset HEAD <file>..." to unstage)

	new file:   .gitignore

novoforce@ideapad:/media/novoforce/Techy/project/New Folder$ git commit -m "third change done"
[master 8439c4b] third change done
 1 file changed, 1 insertion(+)
 create mode 100644 .gitignore
novoforce@ideapad:/media/novoforce/Techy/project/New Folder$ git status
On branch master
nothing to commit, working tree clean
novoforce@ideapad:/media/novoforce/Techy/project/New Folder$ git branch another_update
novoforce@ideapad:/media/novoforce/Techy/project/New Folder$ git checkkout another
git: 'checkkout' is not a git command. See 'git --help'.

The most similar command is
	checkout
novoforce@ideapad:/media/novoforce/Techy/project/New Folder$ git checkout another
error: pathspec 'another' did not match any file(s) known to git.
novoforce@ideapad:/media/novoforce/Techy/project/New Folder$ git checkout another_update
Switched to branch 'another_update'
novoforce@ideapad:/media/novoforce/Techy/project/New Folder$ touch newfile.js
novoforce@ideapad:/media/novoforce/Techy/project/New Folder$ git add .
novoforce@ideapad:/media/novoforce/Techy/project/New Folder$ git status
On branch another_update
Changes to be committed:
  (use "git reset HEAD <file>..." to unstage)

	new file:   newfile.js

novoforce@ideapad:/media/novoforce/Techy/project/New Folder$ git commit
[another_update 93bba91] this is a branch
 1 file changed, 1 insertion(+)
 create mode 100644 newfile.js
novoforce@ideapad:/media/novoforce/Techy/project/New Folder$ git status
On branch another_update
nothing to commit, working tree clean
novoforce@ideapad:/media/novoforce/Techy/project/New Folder$ git checkout master
Switched to branch 'master'
novoforce@ideapad:/media/novoforce/Techy/project/New Folder$ git status
On branch master
nothing to commit, working tree clean
novoforce@ideapad:/media/novoforce/Techy/project/New Folder$ git checkout another_update
Switched to branch 'another_update'
novoforce@ideapad:/media/novoforce/Techy/project/New Folder$ git checkout master
Switched to branch 'master'
novoforce@ideapad:/media/novoforce/Techy/project/New Folder$ git merge another_update
Updating 8439c4b..93bba91
Fast-forward
 newfile.js | 1 +
 1 file changed, 1 insertion(+)
 create mode 100644 newfile.js
novoforce@ideapad:/media/novoforce/Techy/project/New Folder$ git remote
novoforce@ideapad:/media/novoforce/Techy/project/New Folder$ git remote -v
novoforce@ideapad:/media/novoforce/Techy/project/New Folder$ git remote add origin https://github.com/ashishrose/git_crash_course.git
novoforce@ideapad:/media/novoforce/Techy/project/New Folder$ git push -u origin master
Username for 'https://github.com': ashishrose
Password for 'https://ashishrose@github.com': 
Counting objects: 13, done.
Delta compression using up to 4 threads.
Compressing objects: 100% (9/9), done.
Writing objects: 100% (13/13), 1.16 KiB | 0 bytes/s, done.
Total 13 (delta 1), reused 0 (delta 0)
remote: Resolving deltas: 100% (1/1), done.
To https://github.com/ashishrose/git_crash_course.git
 * [new branch]      master -> master
Branch master set up to track remote branch master from origin.
novoforce@ideapad:/media/novoforce/Techy/project/New Folder$ touch README.md
novoforce@ideapad:/media/novoforce/Techy/project/New Folder$ README.md
bash: README.md: command not found
novoforce@ideapad:/media/novoforce/Techy/project/New Folder$ vscode README.me
bash: vscode: command not found
novoforce@ideapad:/media/novoforce/Techy/project/New Folder$ code README.me
novoforce@ideapad:/media/novoforce/Techy/project/New Folder$ git add README.me
novoforce@ideapad:/media/novoforce/Techy/project/New Folder$ git status
On branch master
Your branch is up-to-date with 'origin/master'.
Changes to be committed:
  (use "git reset HEAD <file>..." to unstage)

	new file:   README.me

Untracked files:
  (use "git add <file>..." to include in what will be committed)

	README.md

novoforce@ideapad:/media/novoforce/Techy/project/New Folder$ git add *.md
novoforce@ideapad:/media/novoforce/Techy/project/New Folder$ git status
On branch master
Your branch is up-to-date with 'origin/master'.
Changes to be committed:
  (use "git reset HEAD <file>..." to unstage)

	new file:   README.md
	new file:   README.me

novoforce@ideapad:/media/novoforce/Techy/project/New Folder$ git commit -m "added the readme file "
[master 5d662f1] added the readme file
 2 files changed, 1 insertion(+)
 create mode 100644 README.md
 create mode 100644 README.me
novoforce@ideapad:/media/novoforce/Techy/project/New Folder$ git push
Username for 'https://github.com': ashishrose
Password for 'https://ashishrose@github.com': 
Counting objects: 4, done.
Delta compression using up to 4 threads.
Compressing objects: 100% (3/3), done.
Writing objects: 100% (4/4), 527 bytes | 0 bytes/s, done.
Total 4 (delta 0), reused 0 (delta 0)
To https://github.com/ashishrose/git_crash_course.git
   93bba91..5d662f1  master -> master
